[flatfull.com/themes/flatkit/html/dashboard.html]
[backblue.gif]
[fade.gif]
[index.html]
[flatfull.com/themes/flatkit/assets/images/logo.png]
[flatfull.com/themes/flatkit/assets/animate.css/animate.min.css]
[flatfull.com/themes/flatkit/assets/glyphicons/glyphicons.css]
[flatfull.com/themes/flatkit/assets/font-awesome/css/font-awesome.min.css]
[flatfull.com/themes/flatkit/assets/material-design-icons/material-design-icons.css]
[flatfull.com/themes/flatkit/assets/bootstrap/dist/css/bootstrap.min.css]
[flatfull.com/themes/flatkit/assets/styles/font.css]
[flatfull.com/themes/flatkit/assets/styles/app.min.css]
[flatfull.com/themes/flatkit/html/dashboard.0.html]
[flatfull.com/themes/flatkit/html/inbox.html]
[flatfull.com/themes/flatkit/html/contact.html]
[flatfull.com/themes/flatkit/html/calendar.html]
[flatfull.com/themes/flatkit/html/headers.html]
[flatfull.com/themes/flatkit/html/asides.html]
[flatfull.com/themes/flatkit/html/footers.html]
[flatfull.com/themes/flatkit/html/widget.html]
[flatfull.com/themes/flatkit/html/arrow.html]
[flatfull.com/themes/flatkit/html/box.html]
[flatfull.com/themes/flatkit/html/button.html]
[flatfull.com/themes/flatkit/html/color.html]
[flatfull.com/themes/flatkit/html/dropdown.html]
[flatfull.com/themes/flatkit/html/grid.html]
[flatfull.com/themes/flatkit/html/icon.html]
[flatfull.com/themes/flatkit/html/label.html]
[flatfull.com/themes/flatkit/html/list.html]
[flatfull.com/themes/flatkit/html/modal.html]
[flatfull.com/themes/flatkit/html/nav.html]
[flatfull.com/themes/flatkit/html/progress.html]
[flatfull.com/themes/flatkit/html/social.html]
[flatfull.com/themes/flatkit/html/sortable.html]
[flatfull.com/themes/flatkit/html/streamline.html]
[flatfull.com/themes/flatkit/html/timeline.html]
[flatfull.com/themes/flatkit/html/map.vector.html]
[flatfull.com/themes/flatkit/html/profile.html]
[flatfull.com/themes/flatkit/html/setting.html]
[flatfull.com/themes/flatkit/html/search.html]
[flatfull.com/themes/flatkit/html/faq.html]
[flatfull.com/themes/flatkit/html/gallery.html]
[flatfull.com/themes/flatkit/html/invoice.html]
[flatfull.com/themes/flatkit/html/price.html]
[flatfull.com/themes/flatkit/html/blank.html]
[flatfull.com/themes/flatkit/html/signin.html]
[flatfull.com/themes/flatkit/html/signup.html]
[flatfull.com/themes/flatkit/html/forgot-password.html]
[flatfull.com/themes/flatkit/html/lockme.html]
[flatfull.com/themes/flatkit/html/404.html]
[flatfull.com/themes/flatkit/html/505.html]
[flatfull.com/themes/flatkit/html/form.layout.html]
[flatfull.com/themes/flatkit/html/form.element.html]
[flatfull.com/themes/flatkit/html/form.validation.html]
[flatfull.com/themes/flatkit/html/form.select.html]
[flatfull.com/themes/flatkit/html/form.editor.html]
[flatfull.com/themes/flatkit/html/form.picker.html]
[flatfull.com/themes/flatkit/html/form.wizard.html]
[flatfull.com/themes/flatkit/html/form.dropzone.html]
[flatfull.com/themes/flatkit/html/static.html]
[flatfull.com/themes/flatkit/html/datatable.html]
[flatfull.com/themes/flatkit/html/footable.html]
[flatfull.com/themes/flatkit/html/chart.html]
[flatfull.com/themes/flatkit/html/echarts-line.html]
[flatfull.com/themes/flatkit/html/echarts-bar.html]
[flatfull.com/themes/flatkit/html/echarts-pie.html]
[flatfull.com/themes/flatkit/html/echarts-scatter.html]
[flatfull.com/themes/flatkit/html/echarts-radar-chord.html]
[flatfull.com/themes/flatkit/html/echarts-gauge-funnel.html]
[flatfull.com/themes/flatkit/html/echarts-map.html]
[flatfull.com/themes/flatkit/html/docs.html]
[flatfull.com/themes/flatkit/assets/images/a0.jpg]
[flatfull.com/themes/flatkit/assets/images/a4.jpg]
[flatfull.com/themes/flatkit/assets/images/a5.jpg]
[flatfull.com/themes/flatkit/assets/images/a6.jpg]
[flatfull.com/themes/flatkit/assets/images/a7.jpg]
[flatfull.com/themes/flatkit/assets/images/a2.jpg]
[flatfull.com/themes/flatkit/assets/images/a8.jpg]
[flatfull.com/themes/flatkit/html/dashboard.1.html]
[flatfull.com/themes/flatkit/html/dashboard.2.html]
[flatfull.com/themes/flatkit/html/dashboard.3.html]
[flatfull.com/themes/flatkit/html/dashboard.4.html]
[flatfull.com/themes/flatkit/html/dashboard.5.html]
[flatfull.com/themes/flatkit/html/dashboard.html]
[flatfull.com/themes/flatkit/assets/animate.css/animate.min.css]
[flatfull.com/themes/flatkit/assets/glyphicons/glyphicons-halflings-regular.eot]
[flatfull.com/themes/flatkit/assets/glyphicons/glyphicons-halflings-regulard41d.eot]
[flatfull.com/themes/flatkit/assets/glyphicons/glyphicons-halflings-regular.woff2]
[flatfull.com/themes/flatkit/assets/glyphicons/glyphicons-halflings-regular.woff]
[flatfull.com/themes/flatkit/assets/glyphicons/glyphicons-halflings-regular.ttf]
[flatfull.com/themes/flatkit/assets/glyphicons/glyphicons.css]
[flatfull.com/themes/flatkit/assets/font-awesome/css/font-awesome.min.css]
[flatfull.com/themes/flatkit/assets/material-design-icons/iconfont/MaterialIcons-Regular.eot]
[flatfull.com/themes/flatkit/html/scripts/app.html.js]
[flatfull.com/themes/flatkit/assets/material-design-icons/iconfont/MaterialIcons-Regular.woff]
[flatfull.com/themes/flatkit/assets/material-design-icons/iconfont/MaterialIcons-Regular.ttf]
[flatfull.com/themes/flatkit/assets/material-design-icons/iconfont/MaterialIcons-Regular.woff2]
[flatfull.com/themes/flatkit/assets/material-design-icons/material-design-icons.css]
[flatfull.com/themes/flatkit/assets/bootstrap/dist/css/bootstrap.min.css]
[flatfull.com/themes/flatkit/assets/styles/app.min.css]
[flatfull.com/themes/flatkit/assets/fonts/roboto/font.css]
[flatfull.com/themes/flatkit/assets/styles/font.css]
[flatfull.com/themes/flatkit/assets/images/a1.jpg]
[flatfull.com/themes/flatkit/assets/images/a3.jpg]
[flatfull.com/themes/flatkit/assets/images/b1.jpg]
[flatfull.com/themes/flatkit/assets/images/b2.jpg]
[flatfull.com/themes/flatkit/assets/images/b3.jpg]
[flatfull.com/themes/flatkit/assets/images/b4.jpg]
[flatfull.com/themes/flatkit/assets/images/b5.jpg]
[flatfull.com/themes/flatkit/html/dashboard.0.html]
[flatfull.com/themes/flatkit/assets/images/a9.jpg]
[flatfull.com/themes/flatkit/html/inbox.html]
[flatfull.com/themes/flatkit/html/contact.html]
[flatfull.com/themes/flatkit/html/calendar.html]
[flatfull.com/themes/flatkit/html/headers.html]
[flatfull.com/themes/flatkit/html/asides.html]
[flatfull.com/themes/flatkit/html/footers.html]
[flatfull.com/themes/flatkit/assets/images/c2.jpg]
[flatfull.com/themes/flatkit/assets/images/c6.jpg]
[flatfull.com/themes/flatkit/assets/images/c1.jpg]
[flatfull.com/themes/flatkit/assets/images/c7.jpg]
[flatfull.com/themes/flatkit/html/widget.html]
[flatfull.com/themes/flatkit/html/arrow.html]
[flatfull.com/themes/flatkit/html/box.html]
[flatfull.com/themes/flatkit/html/button.html]
[flatfull.com/themes/flatkit/html/color.html]
[flatfull.com/themes/flatkit/html/dropdown.html]
[flatfull.com/themes/flatkit/html/grid.html]
[flatfull.com/themes/flatkit/html/icon.html]
[flatfull.com/themes/flatkit/html/label.html]
[flatfull.com/themes/flatkit/html/list.html]
[flatfull.com/themes/flatkit/html/modal.html]
[flatfull.com/themes/flatkit/html/nav.html]
[flatfull.com/themes/flatkit/html/progress.html]
[flatfull.com/themes/flatkit/html/social.html]
[flatfull.com/themes/flatkit/html/sortable.html]
[flatfull.com/themes/flatkit/html/streamline.html]
[flatfull.com/themes/flatkit/html/timeline.html]
[flatfull.com/themes/flatkit/html/map.vector.html]
[flatfull.com/themes/flatkit/assets/images/c0.jpg]
[flatfull.com/themes/flatkit/html/profile.html]
[flatfull.com/themes/flatkit/html/setting.html]
[flatfull.com/themes/flatkit/html/search.html]
[flatfull.com/themes/flatkit/html/faq.html]
[flatfull.com/themes/flatkit/assets/images/c3.jpg]
[flatfull.com/themes/flatkit/assets/images/c4.jpg]
[flatfull.com/themes/flatkit/assets/images/c8.jpg]
[flatfull.com/themes/flatkit/assets/images/c9.jpg]
[flatfull.com/themes/flatkit/html/gallery.html]
[flatfull.com/themes/flatkit/html/invoice.html]
[flatfull.com/themes/flatkit/html/price.html]
[flatfull.com/themes/flatkit/html/blank.html]
[flatfull.com/themes/flatkit/html/signin.html]
[flatfull.com/themes/flatkit/html/signup.html]
[flatfull.com/themes/flatkit/html/forgot-password.html]
[flatfull.com/themes/flatkit/html/lockme.html]
[flatfull.com/themes/flatkit/html/404.html]
[flatfull.com/themes/flatkit/html/505.html]
[flatfull.com/themes/flatkit/html/form.layout.html]
[flatfull.com/themes/flatkit/html/form.element.html]
[flatfull.com/themes/flatkit/html/form.validation.html]
[flatfull.com/themes/flatkit/html/form.select.html]
[flatfull.com/themes/flatkit/html/form.editor.html]
[flatfull.com/themes/flatkit/html/form.picker.html]
[flatfull.com/themes/flatkit/html/form.wizard.html]
[flatfull.com/themes/flatkit/html/form.dropzone.html]
[flatfull.com/themes/flatkit/html/static.html]
[flatfull.com/themes/flatkit/html/datatable.html]
[flatfull.com/themes/flatkit/html/footable.html]
[flatfull.com/themes/flatkit/html/chart.html]
[flatfull.com/themes/flatkit/html/echarts-line.html]
[flatfull.com/themes/flatkit/html/echarts-bar.html]
[flatfull.com/themes/flatkit/html/echarts-pie.html]
[flatfull.com/themes/flatkit/html/echarts-scatter.html]
[flatfull.com/themes/flatkit/html/echarts-radar-chord.html]
[flatfull.com/themes/flatkit/html/echarts-gauge-funnel.html]
[flatfull.com/themes/flatkit/html/echarts-map.html]
[flatfull.com/themes/flatkit/html/docs.html]
[flatfull.com/themes/flatkit/html/dashboard.1.html]
[flatfull.com/themes/flatkit/html/dashboard.2.html]
[flatfull.com/themes/flatkit/html/dashboard.3.html]
[flatfull.com/themes/flatkit/assets/images/c5.jpg]
[flatfull.com/themes/flatkit/html/dashboard.4.html]
[flatfull.com/themes/flatkit/html/dashboard.5.html]
[flatfull.com/themes/flatkit/assets/glyphicons/glyphicons-halflings-regular.svg]
[flatfull.com/themes/flatkit/assets/fonts/roboto/300.woff]
[flatfull.com/themes/flatkit/assets/fonts/roboto/400.woff]
[flatfull.com/themes/flatkit/assets/fonts/roboto/700.woff]
[flatfull.com/themes/flatkit/assets/fonts/roboto/font.css]
